Nov 17, 2025 7:14:43 PM com.superstore.Logger logException
SEVERE: Exception occurred
java.io.InvalidClassException: com.superstore.SuperUser; local class incompatible: stream classdesc serialVersionUID = 3477728788726348566, local class serialVersionUID = 6757309748799751872
	at java.base/java.io.ObjectStreamClass.initNonProxy(ObjectStreamClass.java:496)
	at java.base/java.io.ObjectInputStream.readNonProxyDesc(ObjectInputStream.java:1960)
	at java.base/java.io.ObjectInputStream.readClassDesc(ObjectInputStream.java:1818)
	at java.base/java.io.ObjectInputStream.readOrdinaryObject(ObjectInputStream.java:2134)
	at java.base/java.io.ObjectInputStream.readObject0(ObjectInputStream.java:1653)
	at java.base/java.io.ObjectInputStream.readObject(ObjectInputStream.java:495)
	at java.base/java.io.ObjectInputStream.readObject(ObjectInputStream.java:453)
	at java.base/java.util.HashMap.readObject(HashMap.java:1561)
	at java.base/jdk.internal.reflect.DirectMethodHandleAccessor.invoke(DirectMethodHandleAccessor.java:104)
	at java.base/java.lang.reflect.Method.invoke(Method.java:565)
	at java.base/java.io.ObjectStreamClass.invokeReadObject(ObjectStreamClass.java:976)
	at java.base/java.io.ObjectInputStream.readSerialData(ObjectInputStream.java:2335)
	at java.base/java.io.ObjectInputStream.readOrdinaryObject(ObjectInputStream.java:2166)
	at java.base/java.io.ObjectInputStream.readObject0(ObjectInputStream.java:1653)
	at java.base/java.io.ObjectInputStream.readObject(ObjectInputStream.java:495)
	at java.base/java.io.ObjectInputStream.readObject(ObjectInputStream.java:453)
	at com.superstore.FileHandler.loadObject(FileHandler.java:33)
	at com.superstore.FileHandler.loadMap(FileHandler.java:64)
	at com.superstore.Server.loadData(Server.java:34)
	at com.superstore.Server.<init>(Server.java:28)
	at com.superstore.Main.lambda$0(Main.java:13)
	at java.desktop/java.awt.event.InvocationEvent.dispatch(InvocationEvent.java:318)
	at java.desktop/java.awt.EventQueue.dispatchEventImpl(EventQueue.java:723)
	at java.desktop/java.awt.EventQueue.dispatchEvent(EventQueue.java:702)
	at java.desktop/java.awt.EventDispatchThread.pumpOneEventForFilters(EventDispatchThread.java:203)
	at java.desktop/java.awt.EventDispatchThread.pumpEventsForFilter(EventDispatchThread.java:124)
	at java.desktop/java.awt.EventDispatchThread.pumpEventsForHierarchy(EventDispatchThread.java:113)
	at java.desktop/java.awt.EventDispatchThread.pumpEvents(EventDispatchThread.java:109)
	at java.desktop/java.awt.EventDispatchThread.pumpEvents(EventDispatchThread.java:101)
	at java.desktop/java.awt.EventDispatchThread.run(EventDispatchThread.java:90)

Nov 17, 2025 7:16:36 PM com.superstore.Logger logException
SEVERE: Exception occurred
java.io.InvalidClassException: com.superstore.SuperUser; local class incompatible: stream classdesc serialVersionUID = 3477728788726348566, local class serialVersionUID = 6757309748799751872
	at java.base/java.io.ObjectStreamClass.initNonProxy(ObjectStreamClass.java:496)
	at java.base/java.io.ObjectInputStream.readNonProxyDesc(ObjectInputStream.java:1960)
	at java.base/java.io.ObjectInputStream.readClassDesc(ObjectInputStream.java:1818)
	at java.base/java.io.ObjectInputStream.readOrdinaryObject(ObjectInputStream.java:2134)
	at java.base/java.io.ObjectInputStream.readObject0(ObjectInputStream.java:1653)
	at java.base/java.io.ObjectInputStream.readObject(ObjectInputStream.java:495)
	at java.base/java.io.ObjectInputStream.readObject(ObjectInputStream.java:453)
	at java.base/java.util.HashMap.readObject(HashMap.java:1561)
	at java.base/jdk.internal.reflect.DirectMethodHandleAccessor.invoke(DirectMethodHandleAccessor.java:104)
	at java.base/java.lang.reflect.Method.invoke(Method.java:565)
	at java.base/java.io.ObjectStreamClass.invokeReadObject(ObjectStreamClass.java:976)
	at java.base/java.io.ObjectInputStream.readSerialData(ObjectInputStream.java:2335)
	at java.base/java.io.ObjectInputStream.readOrdinaryObject(ObjectInputStream.java:2166)
	at java.base/java.io.ObjectInputStream.readObject0(ObjectInputStream.java:1653)
	at java.base/java.io.ObjectInputStream.readObject(ObjectInputStream.java:495)
	at java.base/java.io.ObjectInputStream.readObject(ObjectInputStream.java:453)
	at com.superstore.FileHandler.loadObject(FileHandler.java:33)
	at com.superstore.FileHandler.loadMap(FileHandler.java:64)
	at com.superstore.Server.loadData(Server.java:34)
	at com.superstore.Server.<init>(Server.java:28)
	at com.superstore.Main.lambda$0(Main.java:13)
	at java.desktop/java.awt.event.InvocationEvent.dispatch(InvocationEvent.java:318)
	at java.desktop/java.awt.EventQueue.dispatchEventImpl(EventQueue.java:723)
	at java.desktop/java.awt.EventQueue.dispatchEvent(EventQueue.java:702)
	at java.desktop/java.awt.EventDispatchThread.pumpOneEventForFilters(EventDispatchThread.java:203)
	at java.desktop/java.awt.EventDispatchThread.pumpEventsForFilter(EventDispatchThread.java:124)
	at java.desktop/java.awt.EventDispatchThread.pumpEventsForHierarchy(EventDispatchThread.java:113)
	at java.desktop/java.awt.EventDispatchThread.pumpEvents(EventDispatchThread.java:109)
	at java.desktop/java.awt.EventDispatchThread.pumpEvents(EventDispatchThread.java:101)
	at java.desktop/java.awt.EventDispatchThread.run(EventDispatchThread.java:90)

Nov 17, 2025 7:17:59 PM com.superstore.Logger logException
SEVERE: Exception occurred
java.io.FileNotFoundException: resources/resources/users.dat (No such file or directory)
	at java.base/java.io.FileInputStream.open0(Native Method)
	at java.base/java.io.FileInputStream.open(FileInputStream.java:185)
	at java.base/java.io.FileInputStream.<init>(FileInputStream.java:139)
	at java.base/java.io.FileInputStream.<init>(FileInputStream.java:109)
	at com.superstore.FileHandler.loadObject(FileHandler.java:32)
	at com.superstore.FileHandler.loadMap(FileHandler.java:64)
	at com.superstore.Server.loadData(Server.java:34)
	at com.superstore.Server.<init>(Server.java:28)
	at com.superstore.Main.lambda$0(Main.java:13)
	at java.desktop/java.awt.event.InvocationEvent.dispatch(InvocationEvent.java:318)
	at java.desktop/java.awt.EventQueue.dispatchEventImpl(EventQueue.java:723)
	at java.desktop/java.awt.EventQueue.dispatchEvent(EventQueue.java:702)
	at java.desktop/java.awt.EventDispatchThread.pumpOneEventForFilters(EventDispatchThread.java:203)
	at java.desktop/java.awt.EventDispatchThread.pumpEventsForFilter(EventDispatchThread.java:124)
	at java.desktop/java.awt.EventDispatchThread.pumpEventsForHierarchy(EventDispatchThread.java:113)
	at java.desktop/java.awt.EventDispatchThread.pumpEvents(EventDispatchThread.java:109)
	at java.desktop/java.awt.EventDispatchThread.pumpEvents(EventDispatchThread.java:101)
	at java.desktop/java.awt.EventDispatchThread.run(EventDispatchThread.java:90)

Nov 17, 2025 8:35:15 PM com.superstore.Logger logException
SEVERE: Exception occurred
java.io.FileNotFoundException: resources/users.dat (No such file or directory)
	at java.base/java.io.FileInputStream.open0(Native Method)
	at java.base/java.io.FileInputStream.open(FileInputStream.java:185)
	at java.base/java.io.FileInputStream.<init>(FileInputStream.java:139)
	at java.base/java.io.FileInputStream.<init>(FileInputStream.java:109)
	at com.superstore.FileHandler.loadObject(FileHandler.java:32)
	at com.superstore.FileHandler.loadMap(FileHandler.java:64)
	at com.superstore.Server.loadData(Server.java:34)
	at com.superstore.Server.<init>(Server.java:28)
	at com.superstore.Main.lambda$0(Main.java:13)
	at java.desktop/java.awt.event.InvocationEvent.dispatch(InvocationEvent.java:318)
	at java.desktop/java.awt.EventQueue.dispatchEventImpl(EventQueue.java:723)
	at java.desktop/java.awt.EventQueue.dispatchEvent(EventQueue.java:702)
	at java.desktop/java.awt.EventDispatchThread.pumpOneEventForFilters(EventDispatchThread.java:203)
	at java.desktop/java.awt.EventDispatchThread.pumpEventsForFilter(EventDispatchThread.java:124)
	at java.desktop/java.awt.EventDispatchThread.pumpEventsForHierarchy(EventDispatchThread.java:113)
	at java.desktop/java.awt.EventDispatchThread.pumpEvents(EventDispatchThread.java:109)
	at java.desktop/java.awt.EventDispatchThread.pumpEvents(EventDispatchThread.java:101)
	at java.desktop/java.awt.EventDispatchThread.run(EventDispatchThread.java:90)

Nov 17, 2025 9:54:23 PM com.superstore.Logger logException
SEVERE: Exception occurred
java.io.FileNotFoundException: resources/users.dat (No such file or directory)
	at java.base/java.io.FileInputStream.open0(Native Method)
	at java.base/java.io.FileInputStream.open(FileInputStream.java:185)
	at java.base/java.io.FileInputStream.<init>(FileInputStream.java:139)
	at java.base/java.io.FileInputStream.<init>(FileInputStream.java:109)
	at com.superstore.FileHandler.loadObject(FileHandler.java:32)
	at com.superstore.FileHandler.loadMap(FileHandler.java:64)
	at com.superstore.Server.loadData(Server.java:34)
	at com.superstore.Server.<init>(Server.java:28)
	at com.superstore.Main.lambda$0(Main.java:13)
	at java.desktop/java.awt.event.InvocationEvent.dispatch(InvocationEvent.java:318)
	at java.desktop/java.awt.EventQueue.dispatchEventImpl(EventQueue.java:723)
	at java.desktop/java.awt.EventQueue.dispatchEvent(EventQueue.java:702)
	at java.desktop/java.awt.EventDispatchThread.pumpOneEventForFilters(EventDispatchThread.java:203)
	at java.desktop/java.awt.EventDispatchThread.pumpEventsForFilter(EventDispatchThread.java:124)
	at java.desktop/java.awt.EventDispatchThread.pumpEventsForHierarchy(EventDispatchThread.java:113)
	at java.desktop/java.awt.EventDispatchThread.pumpEvents(EventDispatchThread.java:109)
	at java.desktop/java.awt.EventDispatchThread.pumpEvents(EventDispatchThread.java:101)
	at java.desktop/java.awt.EventDispatchThread.run(EventDispatchThread.java:90)

Nov 19, 2025 6:38:48 PM com.superstore.Logger logException
SEVERE: Exception occurred
java.io.EOFException
	at java.base/java.io.ObjectInputStream$PeekInputStream.readFully(ObjectInputStream.java:2813)
	at java.base/java.io.ObjectInputStream$BlockDataInputStream.readShort(ObjectInputStream.java:3310)
	at java.base/java.io.ObjectInputStream.readStreamHeader(ObjectInputStream.java:912)
	at java.base/java.io.ObjectInputStream.<init>(ObjectInputStream.java:386)
	at com.superstore.FileHandler.loadObject(FileHandler.java:32)
	at com.superstore.FileHandler.loadMap(FileHandler.java:64)
	at com.superstore.Server.loadData(Server.java:34)
	at com.superstore.Server.<init>(Server.java:28)
	at com.superstore.Main.lambda$main$0(Main.java:20)
	at java.desktop/java.awt.event.InvocationEvent.dispatch(InvocationEvent.java:318)
	at java.desktop/java.awt.EventQueue.dispatchEventImpl(EventQueue.java:723)
	at java.desktop/java.awt.EventQueue.dispatchEvent(EventQueue.java:702)
	at java.desktop/java.awt.EventDispatchThread.pumpOneEventForFilters(EventDispatchThread.java:203)
	at java.desktop/java.awt.EventDispatchThread.pumpEventsForFilter(EventDispatchThread.java:124)
	at java.desktop/java.awt.EventDispatchThread.pumpEventsForHierarchy(EventDispatchThread.java:113)
	at java.desktop/java.awt.EventDispatchThread.pumpEvents(EventDispatchThread.java:109)
	at java.desktop/java.awt.EventDispatchThread.pumpEvents(EventDispatchThread.java:101)
	at java.desktop/java.awt.EventDispatchThread.run(EventDispatchThread.java:90)

Nov 19, 2025 6:55:31 PM com.superstore.Logger logException
SEVERE: Exception occurred
java.io.EOFException
	at java.base/java.io.ObjectInputStream$PeekInputStream.readFully(ObjectInputStream.java:2813)
	at java.base/java.io.ObjectInputStream$BlockDataInputStream.readShort(ObjectInputStream.java:3310)
	at java.base/java.io.ObjectInputStream.readStreamHeader(ObjectInputStream.java:912)
	at java.base/java.io.ObjectInputStream.<init>(ObjectInputStream.java:386)
	at com.superstore.FileHandler.loadObject(FileHandler.java:32)
	at com.superstore.FileHandler.loadMap(FileHandler.java:64)
	at com.superstore.Server.loadData(Server.java:34)
	at com.superstore.Server.<init>(Server.java:28)
	at com.superstore.Main.lambda$main$0(Main.java:20)
	at java.desktop/java.awt.event.InvocationEvent.dispatch(InvocationEvent.java:318)
	at java.desktop/java.awt.EventQueue.dispatchEventImpl(EventQueue.java:723)
	at java.desktop/java.awt.EventQueue.dispatchEvent(EventQueue.java:702)
	at java.desktop/java.awt.EventDispatchThread.pumpOneEventForFilters(EventDispatchThread.java:203)
	at java.desktop/java.awt.EventDispatchThread.pumpEventsForFilter(EventDispatchThread.java:124)
	at java.desktop/java.awt.EventDispatchThread.pumpEventsForHierarchy(EventDispatchThread.java:113)
	at java.desktop/java.awt.EventDispatchThread.pumpEvents(EventDispatchThread.java:109)
	at java.desktop/java.awt.EventDispatchThread.pumpEvents(EventDispatchThread.java:101)
	at java.desktop/java.awt.EventDispatchThread.run(EventDispatchThread.java:90)

Nov 19, 2025 6:56:27 PM com.superstore.Logger logException
SEVERE: Exception occurred
java.io.EOFException
	at java.base/java.io.ObjectInputStream$PeekInputStream.readFully(ObjectInputStream.java:2813)
	at java.base/java.io.ObjectInputStream$BlockDataInputStream.readShort(ObjectInputStream.java:3310)
	at java.base/java.io.ObjectInputStream.readStreamHeader(ObjectInputStream.java:912)
	at java.base/java.io.ObjectInputStream.<init>(ObjectInputStream.java:386)
	at com.superstore.FileHandler.loadObject(FileHandler.java:32)
	at com.superstore.FileHandler.loadMap(FileHandler.java:64)
	at com.superstore.Server.loadData(Server.java:34)
	at com.superstore.Server.<init>(Server.java:28)
	at com.superstore.Main.lambda$main$0(Main.java:20)
	at java.desktop/java.awt.event.InvocationEvent.dispatch(InvocationEvent.java:318)
	at java.desktop/java.awt.EventQueue.dispatchEventImpl(EventQueue.java:723)
	at java.desktop/java.awt.EventQueue.dispatchEvent(EventQueue.java:702)
	at java.desktop/java.awt.EventDispatchThread.pumpOneEventForFilters(EventDispatchThread.java:203)
	at java.desktop/java.awt.EventDispatchThread.pumpEventsForFilter(EventDispatchThread.java:124)
	at java.desktop/java.awt.EventDispatchThread.pumpEventsForHierarchy(EventDispatchThread.java:113)
	at java.desktop/java.awt.EventDispatchThread.pumpEvents(EventDispatchThread.java:109)
	at java.desktop/java.awt.EventDispatchThread.pumpEvents(EventDispatchThread.java:101)
	at java.desktop/java.awt.EventDispatchThread.run(EventDispatchThread.java:90)

Nov 19, 2025 7:32:23 PM com.superstore.Logger logException
SEVERE: Exception occurred
java.util.concurrent.ExecutionException: java.rmi.ConnectException: Connection refused to host: localhost; nested exception is: 
	java.net.ConnectException: Connection refused
	at java.base/java.util.concurrent.FutureTask.report(FutureTask.java:124)
	at java.base/java.util.concurrent.FutureTask.get(FutureTask.java:193)
	at java.desktop/javax.swing.SwingWorker.get(SwingWorker.java:610)
	at com.superstore.RemoteClientLauncher$ConnectAction$1.done(RemoteClientLauncher.java:100)
	at java.desktop/javax.swing.SwingWorker$4.run(SwingWorker.java:747)
	at java.desktop/javax.swing.SwingWorker$DoSubmitAccumulativeRunnable.run(SwingWorker.java:837)
	at java.desktop/sun.swing.AccumulativeRunnable.run(AccumulativeRunnable.java:112)
	at java.desktop/javax.swing.SwingWorker$DoSubmitAccumulativeRunnable.actionPerformed(SwingWorker.java:847)
	at java.desktop/javax.swing.Timer.fireActionPerformed(Timer.java:289)
	at java.desktop/javax.swing.Timer$DoPostEvent.run(Timer.java:221)
	at java.desktop/java.awt.event.InvocationEvent.dispatch(InvocationEvent.java:318)
	at java.desktop/java.awt.EventQueue.dispatchEventImpl(EventQueue.java:723)
	at java.desktop/java.awt.EventQueue.dispatchEvent(EventQueue.java:702)
	at java.desktop/java.awt.EventDispatchThread.pumpOneEventForFilters(EventDispatchThread.java:203)
	at java.desktop/java.awt.EventDispatchThread.pumpEventsForFilter(EventDispatchThread.java:124)
	at java.desktop/java.awt.EventDispatchThread.pumpEventsForHierarchy(EventDispatchThread.java:113)
	at java.desktop/java.awt.EventDispatchThread.pumpEvents(EventDispatchThread.java:109)
	at java.desktop/java.awt.EventDispatchThread.pumpEvents(EventDispatchThread.java:101)
	at java.desktop/java.awt.EventDispatchThread.run(EventDispatchThread.java:90)
Caused by: java.rmi.ConnectException: Connection refused to host: localhost; nested exception is: 
	java.net.ConnectException: Connection refused
	at java.rmi/sun.rmi.transport.tcp.TCPEndpoint.newSocket(TCPEndpoint.java:615)
	at java.rmi/sun.rmi.transport.tcp.TCPChannel.createConnection(TCPChannel.java:150)
	at java.rmi/sun.rmi.transport.tcp.TCPChannel.newConnection(TCPChannel.java:137)
	at java.rmi/sun.rmi.server.UnicastRef.newCall(UnicastRef.java:341)
	at java.rmi/sun.rmi.registry.RegistryImpl_Stub.lookup(RegistryImpl_Stub.java:116)
	at java.rmi/java.rmi.Naming.lookup(Naming.java:101)
	at com.superstore.SuperStoreClient.<init>(SuperStoreClient.java:20)
	at com.superstore.RemoteClientLauncher$ConnectAction$1.doInBackground(RemoteClientLauncher.java:93)
	at com.superstore.RemoteClientLauncher$ConnectAction$1.doInBackground(RemoteClientLauncher.java:88)
	at java.desktop/javax.swing.SwingWorker$1.call(SwingWorker.java:303)
	at java.base/java.util.concurrent.FutureTask.run(FutureTask.java:328)
	at java.desktop/javax.swing.SwingWorker.run(SwingWorker.java:340)
	at java.base/java.util.concurrent.ThreadPoolExecutor.runWorker(ThreadPoolExecutor.java:1095)
	at java.base/java.util.concurrent.ThreadPoolExecutor$Worker.run(ThreadPoolExecutor.java:619)
	at java.base/java.lang.Thread.run(Thread.java:1447)
Caused by: java.net.ConnectException: Connection refused
	at java.base/sun.nio.ch.Net.connect0(Native Method)
	at java.base/sun.nio.ch.Net.connect(Net.java:535)
	at java.base/sun.nio.ch.Net.connect(Net.java:524)
	at java.base/sun.nio.ch.NioSocketImpl.connect(NioSocketImpl.java:574)
	at java.base/java.net.SocksSocketImpl.connect(SocksSocketImpl.java:282)
	at java.base/java.net.Socket.connect(Socket.java:665)
	at java.base/java.net.Socket.connect(Socket.java:603)
	at java.base/java.net.Socket.<init>(Socket.java:470)
	at java.base/java.net.Socket.<init>(Socket.java:276)
	at java.rmi/sun.rmi.transport.tcp.TCPDirectSocketFactory.createSocket(TCPDirectSocketFactory.java:40)
	at java.rmi/sun.rmi.transport.tcp.TCPEndpoint.newSocket(TCPEndpoint.java:609)
	... 14 more

Nov 19, 2025 7:32:28 PM com.superstore.Logger logException
SEVERE: Exception occurred
java.util.concurrent.ExecutionException: java.rmi.ConnectException: Connection refused to host: localhost; nested exception is: 
	java.net.ConnectException: Connection refused
	at java.base/java.util.concurrent.FutureTask.report(FutureTask.java:124)
	at java.base/java.util.concurrent.FutureTask.get(FutureTask.java:193)
	at java.desktop/javax.swing.SwingWorker.get(SwingWorker.java:610)
	at com.superstore.RemoteClientLauncher$ConnectAction$1.done(RemoteClientLauncher.java:100)
	at java.desktop/javax.swing.SwingWorker$4.run(SwingWorker.java:747)
	at java.desktop/javax.swing.SwingWorker$DoSubmitAccumulativeRunnable.run(SwingWorker.java:837)
	at java.desktop/sun.swing.AccumulativeRunnable.run(AccumulativeRunnable.java:112)
	at java.desktop/javax.swing.SwingWorker$DoSubmitAccumulativeRunnable.actionPerformed(SwingWorker.java:847)
	at java.desktop/javax.swing.Timer.fireActionPerformed(Timer.java:289)
	at java.desktop/javax.swing.Timer$DoPostEvent.run(Timer.java:221)
	at java.desktop/java.awt.event.InvocationEvent.dispatch(InvocationEvent.java:318)
	at java.desktop/java.awt.EventQueue.dispatchEventImpl(EventQueue.java:723)
	at java.desktop/java.awt.EventQueue.dispatchEvent(EventQueue.java:702)
	at java.desktop/java.awt.EventDispatchThread.pumpOneEventForFilters(EventDispatchThread.java:203)
	at java.desktop/java.awt.EventDispatchThread.pumpEventsForFilter(EventDispatchThread.java:124)
	at java.desktop/java.awt.EventDispatchThread.pumpEventsForHierarchy(EventDispatchThread.java:113)
	at java.desktop/java.awt.EventDispatchThread.pumpEvents(EventDispatchThread.java:109)
	at java.desktop/java.awt.EventDispatchThread.pumpEvents(EventDispatchThread.java:101)
	at java.desktop/java.awt.EventDispatchThread.run(EventDispatchThread.java:90)
Caused by: java.rmi.ConnectException: Connection refused to host: localhost; nested exception is: 
	java.net.ConnectException: Connection refused
	at java.rmi/sun.rmi.transport.tcp.TCPEndpoint.newSocket(TCPEndpoint.java:615)
	at java.rmi/sun.rmi.transport.tcp.TCPChannel.createConnection(TCPChannel.java:150)
	at java.rmi/sun.rmi.transport.tcp.TCPChannel.newConnection(TCPChannel.java:137)
	at java.rmi/sun.rmi.server.UnicastRef.newCall(UnicastRef.java:341)
	at java.rmi/sun.rmi.registry.RegistryImpl_Stub.lookup(RegistryImpl_Stub.java:116)
	at java.rmi/java.rmi.Naming.lookup(Naming.java:101)
	at com.superstore.SuperStoreClient.<init>(SuperStoreClient.java:20)
	at com.superstore.RemoteClientLauncher$ConnectAction$1.doInBackground(RemoteClientLauncher.java:93)
	at com.superstore.RemoteClientLauncher$ConnectAction$1.doInBackground(RemoteClientLauncher.java:88)
	at java.desktop/javax.swing.SwingWorker$1.call(SwingWorker.java:303)
	at java.base/java.util.concurrent.FutureTask.run(FutureTask.java:328)
	at java.desktop/javax.swing.SwingWorker.run(SwingWorker.java:340)
	at java.base/java.util.concurrent.ThreadPoolExecutor.runWorker(ThreadPoolExecutor.java:1095)
	at java.base/java.util.concurrent.ThreadPoolExecutor$Worker.run(ThreadPoolExecutor.java:619)
	at java.base/java.lang.Thread.run(Thread.java:1447)
Caused by: java.net.ConnectException: Connection refused
	at java.base/sun.nio.ch.Net.connect0(Native Method)
	at java.base/sun.nio.ch.Net.connect(Net.java:535)
	at java.base/sun.nio.ch.Net.connect(Net.java:524)
	at java.base/sun.nio.ch.NioSocketImpl.connect(NioSocketImpl.java:574)
	at java.base/java.net.SocksSocketImpl.connect(SocksSocketImpl.java:282)
	at java.base/java.net.Socket.connect(Socket.java:665)
	at java.base/java.net.Socket.connect(Socket.java:603)
	at java.base/java.net.Socket.<init>(Socket.java:470)
	at java.base/java.net.Socket.<init>(Socket.java:276)
	at java.rmi/sun.rmi.transport.tcp.TCPDirectSocketFactory.createSocket(TCPDirectSocketFactory.java:40)
	at java.rmi/sun.rmi.transport.tcp.TCPEndpoint.newSocket(TCPEndpoint.java:609)
	... 14 more

Nov 19, 2025 7:33:21 PM com.superstore.Logger logException
SEVERE: Exception occurred
java.util.concurrent.ExecutionException: java.rmi.ConnectException: Connection refused to host: localhost; nested exception is: 
	java.net.ConnectException: Connection refused
	at java.base/java.util.concurrent.FutureTask.report(FutureTask.java:124)
	at java.base/java.util.concurrent.FutureTask.get(FutureTask.java:193)
	at java.desktop/javax.swing.SwingWorker.get(SwingWorker.java:610)
	at com.superstore.RemoteClientLauncher$ConnectAction$1.done(RemoteClientLauncher.java:100)
	at java.desktop/javax.swing.SwingWorker$4.run(SwingWorker.java:747)
	at java.desktop/javax.swing.SwingWorker$DoSubmitAccumulativeRunnable.run(SwingWorker.java:837)
	at java.desktop/sun.swing.AccumulativeRunnable.run(AccumulativeRunnable.java:112)
	at java.desktop/javax.swing.SwingWorker$DoSubmitAccumulativeRunnable.actionPerformed(SwingWorker.java:847)
	at java.desktop/javax.swing.Timer.fireActionPerformed(Timer.java:289)
	at java.desktop/javax.swing.Timer$DoPostEvent.run(Timer.java:221)
	at java.desktop/java.awt.event.InvocationEvent.dispatch(InvocationEvent.java:318)
	at java.desktop/java.awt.EventQueue.dispatchEventImpl(EventQueue.java:723)
	at java.desktop/java.awt.EventQueue.dispatchEvent(EventQueue.java:702)
	at java.desktop/java.awt.EventDispatchThread.pumpOneEventForFilters(EventDispatchThread.java:203)
	at java.desktop/java.awt.EventDispatchThread.pumpEventsForFilter(EventDispatchThread.java:124)
	at java.desktop/java.awt.EventDispatchThread.pumpEventsForHierarchy(EventDispatchThread.java:113)
	at java.desktop/java.awt.EventDispatchThread.pumpEvents(EventDispatchThread.java:109)
	at java.desktop/java.awt.EventDispatchThread.pumpEvents(EventDispatchThread.java:101)
	at java.desktop/java.awt.EventDispatchThread.run(EventDispatchThread.java:90)
Caused by: java.rmi.ConnectException: Connection refused to host: localhost; nested exception is: 
	java.net.ConnectException: Connection refused
	at java.rmi/sun.rmi.transport.tcp.TCPEndpoint.newSocket(TCPEndpoint.java:615)
	at java.rmi/sun.rmi.transport.tcp.TCPChannel.createConnection(TCPChannel.java:150)
	at java.rmi/sun.rmi.transport.tcp.TCPChannel.newConnection(TCPChannel.java:137)
	at java.rmi/sun.rmi.server.UnicastRef.newCall(UnicastRef.java:341)
	at java.rmi/sun.rmi.registry.RegistryImpl_Stub.lookup(RegistryImpl_Stub.java:116)
	at java.rmi/java.rmi.Naming.lookup(Naming.java:101)
	at com.superstore.SuperStoreClient.<init>(SuperStoreClient.java:20)
	at com.superstore.RemoteClientLauncher$ConnectAction$1.doInBackground(RemoteClientLauncher.java:93)
	at com.superstore.RemoteClientLauncher$ConnectAction$1.doInBackground(RemoteClientLauncher.java:88)
	at java.desktop/javax.swing.SwingWorker$1.call(SwingWorker.java:303)
	at java.base/java.util.concurrent.FutureTask.run(FutureTask.java:328)
	at java.desktop/javax.swing.SwingWorker.run(SwingWorker.java:340)
	at java.base/java.util.concurrent.ThreadPoolExecutor.runWorker(ThreadPoolExecutor.java:1095)
	at java.base/java.util.concurrent.ThreadPoolExecutor$Worker.run(ThreadPoolExecutor.java:619)
	at java.base/java.lang.Thread.run(Thread.java:1447)
Caused by: java.net.ConnectException: Connection refused
	at java.base/sun.nio.ch.Net.connect0(Native Method)
	at java.base/sun.nio.ch.Net.connect(Net.java:535)
	at java.base/sun.nio.ch.Net.connect(Net.java:524)
	at java.base/sun.nio.ch.NioSocketImpl.connect(NioSocketImpl.java:574)
	at java.base/java.net.SocksSocketImpl.connect(SocksSocketImpl.java:282)
	at java.base/java.net.Socket.connect(Socket.java:665)
	at java.base/java.net.Socket.connect(Socket.java:603)
	at java.base/java.net.Socket.<init>(Socket.java:470)
	at java.base/java.net.Socket.<init>(Socket.java:276)
	at java.rmi/sun.rmi.transport.tcp.TCPDirectSocketFactory.createSocket(TCPDirectSocketFactory.java:40)
	at java.rmi/sun.rmi.transport.tcp.TCPEndpoint.newSocket(TCPEndpoint.java:609)
	... 14 more

Nov 19, 2025 7:33:26 PM com.superstore.Logger logException
SEVERE: Exception occurred
java.util.concurrent.ExecutionException: java.rmi.ConnectException: Connection refused to host: localhost; nested exception is: 
	java.net.ConnectException: Connection refused
	at java.base/java.util.concurrent.FutureTask.report(FutureTask.java:124)
	at java.base/java.util.concurrent.FutureTask.get(FutureTask.java:193)
	at java.desktop/javax.swing.SwingWorker.get(SwingWorker.java:610)
	at com.superstore.RemoteClientLauncher$ConnectAction$1.done(RemoteClientLauncher.java:100)
	at java.desktop/javax.swing.SwingWorker$4.run(SwingWorker.java:747)
	at java.desktop/javax.swing.SwingWorker$DoSubmitAccumulativeRunnable.run(SwingWorker.java:837)
	at java.desktop/sun.swing.AccumulativeRunnable.run(AccumulativeRunnable.java:112)
	at java.desktop/javax.swing.SwingWorker$DoSubmitAccumulativeRunnable.actionPerformed(SwingWorker.java:847)
	at java.desktop/javax.swing.Timer.fireActionPerformed(Timer.java:289)
	at java.desktop/javax.swing.Timer$DoPostEvent.run(Timer.java:221)
	at java.desktop/java.awt.event.InvocationEvent.dispatch(InvocationEvent.java:318)
	at java.desktop/java.awt.EventQueue.dispatchEventImpl(EventQueue.java:723)
	at java.desktop/java.awt.EventQueue.dispatchEvent(EventQueue.java:702)
	at java.desktop/java.awt.EventDispatchThread.pumpOneEventForFilters(EventDispatchThread.java:203)
	at java.desktop/java.awt.EventDispatchThread.pumpEventsForFilter(EventDispatchThread.java:124)
	at java.desktop/java.awt.EventDispatchThread.pumpEventsForHierarchy(EventDispatchThread.java:113)
	at java.desktop/java.awt.EventDispatchThread.pumpEvents(EventDispatchThread.java:109)
	at java.desktop/java.awt.EventDispatchThread.pumpEvents(EventDispatchThread.java:101)
	at java.desktop/java.awt.EventDispatchThread.run(EventDispatchThread.java:90)
Caused by: java.rmi.ConnectException: Connection refused to host: localhost; nested exception is: 
	java.net.ConnectException: Connection refused
	at java.rmi/sun.rmi.transport.tcp.TCPEndpoint.newSocket(TCPEndpoint.java:615)
	at java.rmi/sun.rmi.transport.tcp.TCPChannel.createConnection(TCPChannel.java:150)
	at java.rmi/sun.rmi.transport.tcp.TCPChannel.newConnection(TCPChannel.java:137)
	at java.rmi/sun.rmi.server.UnicastRef.newCall(UnicastRef.java:341)
	at java.rmi/sun.rmi.registry.RegistryImpl_Stub.lookup(RegistryImpl_Stub.java:116)
	at java.rmi/java.rmi.Naming.lookup(Naming.java:101)
	at com.superstore.SuperStoreClient.<init>(SuperStoreClient.java:20)
	at com.superstore.RemoteClientLauncher$ConnectAction$1.doInBackground(RemoteClientLauncher.java:93)
	at com.superstore.RemoteClientLauncher$ConnectAction$1.doInBackground(RemoteClientLauncher.java:88)
	at java.desktop/javax.swing.SwingWorker$1.call(SwingWorker.java:303)
	at java.base/java.util.concurrent.FutureTask.run(FutureTask.java:328)
	at java.desktop/javax.swing.SwingWorker.run(SwingWorker.java:340)
	at java.base/java.util.concurrent.ThreadPoolExecutor.runWorker(ThreadPoolExecutor.java:1095)
	at java.base/java.util.concurrent.ThreadPoolExecutor$Worker.run(ThreadPoolExecutor.java:619)
	at java.base/java.lang.Thread.run(Thread.java:1447)
Caused by: java.net.ConnectException: Connection refused
	at java.base/sun.nio.ch.Net.connect0(Native Method)
	at java.base/sun.nio.ch.Net.connect(Net.java:535)
	at java.base/sun.nio.ch.Net.connect(Net.java:524)
	at java.base/sun.nio.ch.NioSocketImpl.connect(NioSocketImpl.java:574)
	at java.base/java.net.SocksSocketImpl.connect(SocksSocketImpl.java:282)
	at java.base/java.net.Socket.connect(Socket.java:665)
	at java.base/java.net.Socket.connect(Socket.java:603)
	at java.base/java.net.Socket.<init>(Socket.java:470)
	at java.base/java.net.Socket.<init>(Socket.java:276)
	at java.rmi/sun.rmi.transport.tcp.TCPDirectSocketFactory.createSocket(TCPDirectSocketFactory.java:40)
	at java.rmi/sun.rmi.transport.tcp.TCPEndpoint.newSocket(TCPEndpoint.java:609)
	... 14 more

Nov 19, 2025 7:33:28 PM com.superstore.Logger logException
SEVERE: Exception occurred
java.util.concurrent.ExecutionException: java.rmi.ConnectException: Connection refused to host: localhost; nested exception is: 
	java.net.ConnectException: Connection refused
	at java.base/java.util.concurrent.FutureTask.report(FutureTask.java:124)
	at java.base/java.util.concurrent.FutureTask.get(FutureTask.java:193)
	at java.desktop/javax.swing.SwingWorker.get(SwingWorker.java:610)
	at com.superstore.RemoteClientLauncher$ConnectAction$1.done(RemoteClientLauncher.java:100)
	at java.desktop/javax.swing.SwingWorker$4.run(SwingWorker.java:747)
	at java.desktop/javax.swing.SwingWorker$DoSubmitAccumulativeRunnable.run(SwingWorker.java:837)
	at java.desktop/sun.swing.AccumulativeRunnable.run(AccumulativeRunnable.java:112)
	at java.desktop/javax.swing.SwingWorker$DoSubmitAccumulativeRunnable.actionPerformed(SwingWorker.java:847)
	at java.desktop/javax.swing.Timer.fireActionPerformed(Timer.java:289)
	at java.desktop/javax.swing.Timer$DoPostEvent.run(Timer.java:221)
	at java.desktop/java.awt.event.InvocationEvent.dispatch(InvocationEvent.java:318)
	at java.desktop/java.awt.EventQueue.dispatchEventImpl(EventQueue.java:723)
	at java.desktop/java.awt.EventQueue.dispatchEvent(EventQueue.java:702)
	at java.desktop/java.awt.EventDispatchThread.pumpOneEventForFilters(EventDispatchThread.java:203)
	at java.desktop/java.awt.EventDispatchThread.pumpEventsForFilter(EventDispatchThread.java:124)
	at java.desktop/java.awt.EventDispatchThread.pumpEventsForHierarchy(EventDispatchThread.java:113)
	at java.desktop/java.awt.EventDispatchThread.pumpEvents(EventDispatchThread.java:109)
	at java.desktop/java.awt.EventDispatchThread.pumpEvents(EventDispatchThread.java:101)
	at java.desktop/java.awt.EventDispatchThread.run(EventDispatchThread.java:90)
Caused by: java.rmi.ConnectException: Connection refused to host: localhost; nested exception is: 
	java.net.ConnectException: Connection refused
	at java.rmi/sun.rmi.transport.tcp.TCPEndpoint.newSocket(TCPEndpoint.java:615)
	at java.rmi/sun.rmi.transport.tcp.TCPChannel.createConnection(TCPChannel.java:150)
	at java.rmi/sun.rmi.transport.tcp.TCPChannel.newConnection(TCPChannel.java:137)
	at java.rmi/sun.rmi.server.UnicastRef.newCall(UnicastRef.java:341)
	at java.rmi/sun.rmi.registry.RegistryImpl_Stub.lookup(RegistryImpl_Stub.java:116)
	at java.rmi/java.rmi.Naming.lookup(Naming.java:101)
	at com.superstore.SuperStoreClient.<init>(SuperStoreClient.java:20)
	at com.superstore.RemoteClientLauncher$ConnectAction$1.doInBackground(RemoteClientLauncher.java:93)
	at com.superstore.RemoteClientLauncher$ConnectAction$1.doInBackground(RemoteClientLauncher.java:88)
	at java.desktop/javax.swing.SwingWorker$1.call(SwingWorker.java:303)
	at java.base/java.util.concurrent.FutureTask.run(FutureTask.java:328)
	at java.desktop/javax.swing.SwingWorker.run(SwingWorker.java:340)
	at java.base/java.util.concurrent.ThreadPoolExecutor.runWorker(ThreadPoolExecutor.java:1095)
	at java.base/java.util.concurrent.ThreadPoolExecutor$Worker.run(ThreadPoolExecutor.java:619)
	at java.base/java.lang.Thread.run(Thread.java:1447)
Caused by: java.net.ConnectException: Connection refused
	at java.base/sun.nio.ch.Net.connect0(Native Method)
	at java.base/sun.nio.ch.Net.connect(Net.java:535)
	at java.base/sun.nio.ch.Net.connect(Net.java:524)
	at java.base/sun.nio.ch.NioSocketImpl.connect(NioSocketImpl.java:574)
	at java.base/java.net.SocksSocketImpl.connect(SocksSocketImpl.java:282)
	at java.base/java.net.Socket.connect(Socket.java:665)
	at java.base/java.net.Socket.connect(Socket.java:603)
	at java.base/java.net.Socket.<init>(Socket.java:470)
	at java.base/java.net.Socket.<init>(Socket.java:276)
	at java.rmi/sun.rmi.transport.tcp.TCPDirectSocketFactory.createSocket(TCPDirectSocketFactory.java:40)
	at java.rmi/sun.rmi.transport.tcp.TCPEndpoint.newSocket(TCPEndpoint.java:609)
	... 14 more

Nov 19, 2025 8:05:36 PM com.superstore.Logger logException
SEVERE: Exception occurred
java.rmi.server.ExportException: Port already in use: 1099; nested exception is: 
	java.net.BindException: Address already in use
	at java.rmi/sun.rmi.transport.tcp.TCPTransport.listen(TCPTransport.java:309)
	at java.rmi/sun.rmi.transport.tcp.TCPTransport.exportObject(TCPTransport.java:223)
	at java.rmi/sun.rmi.transport.tcp.TCPEndpoint.exportObject(TCPEndpoint.java:405)
	at java.rmi/sun.rmi.transport.LiveRef.exportObject(LiveRef.java:147)
	at java.rmi/sun.rmi.server.UnicastServerRef.exportObject(UnicastServerRef.java:226)
	at java.rmi/sun.rmi.registry.RegistryImpl.setup(RegistryImpl.java:177)
	at java.rmi/sun.rmi.registry.RegistryImpl.<init>(RegistryImpl.java:163)
	at java.rmi/java.rmi.registry.LocateRegistry.createRegistry(LocateRegistry.java:203)
	at com.superstore.ServerLauncher.main(ServerLauncher.java:15)
	at java.base/jdk.internal.reflect.DirectMethodHandleAccessor.invoke(DirectMethodHandleAccessor.java:104)
	at java.base/java.lang.reflect.Method.invoke(Method.java:565)
	at org.codehaus.mojo.exec.AbstractExecJavaBase.executeMainMethod(AbstractExecJavaBase.java:402)
	at org.codehaus.mojo.exec.ExecJavaMojo.executeMainMethod(ExecJavaMojo.java:142)
	at org.codehaus.mojo.exec.AbstractExecJavaBase.doExecClassLoader(AbstractExecJavaBase.java:377)
	at org.codehaus.mojo.exec.AbstractExecJavaBase.lambda$execute$0(AbstractExecJavaBase.java:287)
	at java.base/java.lang.Thread.run(Thread.java:1447)
Caused by: java.net.BindException: Address already in use
	at java.base/sun.nio.ch.Net.bind0(Native Method)
	at java.base/sun.nio.ch.Net.bind(Net.java:511)
	at java.base/sun.nio.ch.Net.bind(Net.java:500)
	at java.base/sun.nio.ch.NioSocketImpl.bind(NioSocketImpl.java:630)
	at java.base/java.net.ServerSocket.bind(ServerSocket.java:326)
	at java.base/java.net.ServerSocket.<init>(ServerSocket.java:222)
	at java.base/java.net.ServerSocket.<init>(ServerSocket.java:138)
	at java.rmi/sun.rmi.transport.tcp.TCPDirectSocketFactory.createServerSocket(TCPDirectSocketFactory.java:45)
	at java.rmi/sun.rmi.transport.tcp.TCPEndpoint.newServerSocket(TCPEndpoint.java:662)
	at java.rmi/sun.rmi.transport.tcp.TCPTransport.listen(TCPTransport.java:299)
	... 15 more

Nov 19, 2025 8:08:49 PM com.superstore.Logger logException
SEVERE: Exception occurred
java.io.EOFException
	at java.base/java.io.ObjectInputStream$PeekInputStream.readFully(ObjectInputStream.java:2813)
	at java.base/java.io.ObjectInputStream$BlockDataInputStream.readShort(ObjectInputStream.java:3310)
	at java.base/java.io.ObjectInputStream.readStreamHeader(ObjectInputStream.java:912)
	at java.base/java.io.ObjectInputStream.<init>(ObjectInputStream.java:386)
	at com.superstore.FileHandler.loadObject(FileHandler.java:32)
	at com.superstore.FileHandler.loadMap(FileHandler.java:64)
	at com.superstore.Server.loadData(Server.java:34)
	at com.superstore.Server.<init>(Server.java:28)
	at com.superstore.Main.lambda$main$0(Main.java:20)
	at java.desktop/java.awt.event.InvocationEvent.dispatch(InvocationEvent.java:318)
	at java.desktop/java.awt.EventQueue.dispatchEventImpl(EventQueue.java:723)
	at java.desktop/java.awt.EventQueue.dispatchEvent(EventQueue.java:702)
	at java.desktop/java.awt.EventDispatchThread.pumpOneEventForFilters(EventDispatchThread.java:203)
	at java.desktop/java.awt.EventDispatchThread.pumpEventsForFilter(EventDispatchThread.java:124)
	at java.desktop/java.awt.EventDispatchThread.pumpEventsForHierarchy(EventDispatchThread.java:113)
	at java.desktop/java.awt.EventDispatchThread.pumpEvents(EventDispatchThread.java:109)
	at java.desktop/java.awt.EventDispatchThread.pumpEvents(EventDispatchThread.java:101)
	at java.desktop/java.awt.EventDispatchThread.run(EventDispatchThread.java:90)

Nov 19, 2025 8:09:55 PM com.superstore.Logger logException
SEVERE: Exception occurred
java.io.EOFException
	at java.base/java.io.ObjectInputStream$PeekInputStream.readFully(ObjectInputStream.java:2813)
	at java.base/java.io.ObjectInputStream$BlockDataInputStream.readShort(ObjectInputStream.java:3310)
	at java.base/java.io.ObjectInputStream.readStreamHeader(ObjectInputStream.java:912)
	at java.base/java.io.ObjectInputStream.<init>(ObjectInputStream.java:386)
	at com.superstore.FileHandler.loadObject(FileHandler.java:32)
	at com.superstore.FileHandler.loadMap(FileHandler.java:64)
	at com.superstore.Server.loadData(Server.java:34)
	at com.superstore.Server.<init>(Server.java:28)
	at com.superstore.Main.lambda$main$0(Main.java:20)
	at java.desktop/java.awt.event.InvocationEvent.dispatch(InvocationEvent.java:318)
	at java.desktop/java.awt.EventQueue.dispatchEventImpl(EventQueue.java:723)
	at java.desktop/java.awt.EventQueue.dispatchEvent(EventQueue.java:702)
	at java.desktop/java.awt.EventDispatchThread.pumpOneEventForFilters(EventDispatchThread.java:203)
	at java.desktop/java.awt.EventDispatchThread.pumpEventsForFilter(EventDispatchThread.java:124)
	at java.desktop/java.awt.EventDispatchThread.pumpEventsForHierarchy(EventDispatchThread.java:113)
	at java.desktop/java.awt.EventDispatchThread.pumpEvents(EventDispatchThread.java:109)
	at java.desktop/java.awt.EventDispatchThread.pumpEvents(EventDispatchThread.java:101)
	at java.desktop/java.awt.EventDispatchThread.run(EventDispatchThread.java:90)

Nov 19, 2025 8:12:08 PM com.superstore.Logger logException
SEVERE: Exception occurred
java.io.EOFException
	at java.base/java.io.ObjectInputStream$PeekInputStream.readFully(ObjectInputStream.java:2813)
	at java.base/java.io.ObjectInputStream$BlockDataInputStream.readShort(ObjectInputStream.java:3310)
	at java.base/java.io.ObjectInputStream.readStreamHeader(ObjectInputStream.java:912)
	at java.base/java.io.ObjectInputStream.<init>(ObjectInputStream.java:386)
	at com.superstore.FileHandler.loadObject(FileHandler.java:32)
	at com.superstore.FileHandler.loadMap(FileHandler.java:64)
	at com.superstore.Server.loadData(Server.java:34)
	at com.superstore.Server.<init>(Server.java:28)
	at com.superstore.Main.lambda$main$0(Main.java:20)
	at java.desktop/java.awt.event.InvocationEvent.dispatch(InvocationEvent.java:318)
	at java.desktop/java.awt.EventQueue.dispatchEventImpl(EventQueue.java:723)
	at java.desktop/java.awt.EventQueue.dispatchEvent(EventQueue.java:702)
	at java.desktop/java.awt.EventDispatchThread.pumpOneEventForFilters(EventDispatchThread.java:203)
	at java.desktop/java.awt.EventDispatchThread.pumpEventsForFilter(EventDispatchThread.java:124)
	at java.desktop/java.awt.EventDispatchThread.pumpEventsForHierarchy(EventDispatchThread.java:113)
	at java.desktop/java.awt.EventDispatchThread.pumpEvents(EventDispatchThread.java:109)
	at java.desktop/java.awt.EventDispatchThread.pumpEvents(EventDispatchThread.java:101)
	at java.desktop/java.awt.EventDispatchThread.run(EventDispatchThread.java:90)

Nov 19, 2025 10:03:20 PM com.superstore.Logger logException
SEVERE: Exception occurred
java.io.EOFException
	at java.base/java.io.ObjectInputStream$PeekInputStream.readFully(ObjectInputStream.java:2813)
	at java.base/java.io.ObjectInputStream$BlockDataInputStream.readShort(ObjectInputStream.java:3310)
	at java.base/java.io.ObjectInputStream.readStreamHeader(ObjectInputStream.java:912)
	at java.base/java.io.ObjectInputStream.<init>(ObjectInputStream.java:386)
	at com.superstore.FileHandler.loadObject(FileHandler.java:32)
	at com.superstore.FileHandler.loadMap(FileHandler.java:64)
	at com.superstore.Server.loadData(Server.java:34)
	at com.superstore.Server.<init>(Server.java:28)
	at com.superstore.Main.lambda$main$0(Main.java:20)
	at java.desktop/java.awt.event.InvocationEvent.dispatch(InvocationEvent.java:318)
	at java.desktop/java.awt.EventQueue.dispatchEventImpl(EventQueue.java:723)
	at java.desktop/java.awt.EventQueue.dispatchEvent(EventQueue.java:702)
	at java.desktop/java.awt.EventDispatchThread.pumpOneEventForFilters(EventDispatchThread.java:203)
	at java.desktop/java.awt.EventDispatchThread.pumpEventsForFilter(EventDispatchThread.java:124)
	at java.desktop/java.awt.EventDispatchThread.pumpEventsForHierarchy(EventDispatchThread.java:113)
	at java.desktop/java.awt.EventDispatchThread.pumpEvents(EventDispatchThread.java:109)
	at java.desktop/java.awt.EventDispatchThread.pumpEvents(EventDispatchThread.java:101)
	at java.desktop/java.awt.EventDispatchThread.run(EventDispatchThread.java:90)

Nov 19, 2025 10:04:12 PM com.superstore.Logger logException
SEVERE: Exception occurred
java.io.EOFException
	at java.base/java.io.ObjectInputStream$PeekInputStream.readFully(ObjectInputStream.java:2813)
	at java.base/java.io.ObjectInputStream$BlockDataInputStream.readShort(ObjectInputStream.java:3310)
	at java.base/java.io.ObjectInputStream.readStreamHeader(ObjectInputStream.java:912)
	at java.base/java.io.ObjectInputStream.<init>(ObjectInputStream.java:386)
	at com.superstore.FileHandler.loadObject(FileHandler.java:32)
	at com.superstore.FileHandler.loadMap(FileHandler.java:64)
	at com.superstore.Server.loadData(Server.java:34)
	at com.superstore.Server.<init>(Server.java:28)
	at com.superstore.Main.lambda$main$0(Main.java:20)
	at java.desktop/java.awt.event.InvocationEvent.dispatch(InvocationEvent.java:318)
	at java.desktop/java.awt.EventQueue.dispatchEventImpl(EventQueue.java:723)
	at java.desktop/java.awt.EventQueue.dispatchEvent(EventQueue.java:702)
	at java.desktop/java.awt.EventDispatchThread.pumpOneEventForFilters(EventDispatchThread.java:203)
	at java.desktop/java.awt.EventDispatchThread.pumpEventsForFilter(EventDispatchThread.java:124)
	at java.desktop/java.awt.EventDispatchThread.pumpEventsForHierarchy(EventDispatchThread.java:113)
	at java.desktop/java.awt.EventDispatchThread.pumpEvents(EventDispatchThread.java:109)
	at java.desktop/java.awt.EventDispatchThread.pumpEvents(EventDispatchThread.java:101)
	at java.desktop/java.awt.EventDispatchThread.run(EventDispatchThread.java:90)

Nov 19, 2025 10:08:36 PM com.superstore.Logger logException
SEVERE: Exception occurred
java.io.EOFException
	at java.base/java.io.ObjectInputStream$PeekInputStream.readFully(ObjectInputStream.java:2813)
	at java.base/java.io.ObjectInputStream$BlockDataInputStream.readShort(ObjectInputStream.java:3310)
	at java.base/java.io.ObjectInputStream.readStreamHeader(ObjectInputStream.java:912)
	at java.base/java.io.ObjectInputStream.<init>(ObjectInputStream.java:386)
	at com.superstore.FileHandler.loadObject(FileHandler.java:32)
	at com.superstore.FileHandler.loadMap(FileHandler.java:64)
	at com.superstore.Server.loadData(Server.java:34)
	at com.superstore.Server.<init>(Server.java:28)
	at com.superstore.Main.lambda$main$0(Main.java:20)
	at java.desktop/java.awt.event.InvocationEvent.dispatch(InvocationEvent.java:318)
	at java.desktop/java.awt.EventQueue.dispatchEventImpl(EventQueue.java:723)
	at java.desktop/java.awt.EventQueue.dispatchEvent(EventQueue.java:702)
	at java.desktop/java.awt.EventDispatchThread.pumpOneEventForFilters(EventDispatchThread.java:203)
	at java.desktop/java.awt.EventDispatchThread.pumpEventsForFilter(EventDispatchThread.java:124)
	at java.desktop/java.awt.EventDispatchThread.pumpEventsForHierarchy(EventDispatchThread.java:113)
	at java.desktop/java.awt.EventDispatchThread.pumpEvents(EventDispatchThread.java:109)
	at java.desktop/java.awt.EventDispatchThread.pumpEvents(EventDispatchThread.java:101)
	at java.desktop/java.awt.EventDispatchThread.run(EventDispatchThread.java:90)

Nov 19, 2025 10:11:17 PM com.superstore.Logger logException
SEVERE: Exception occurred
java.io.EOFException
	at java.base/java.io.ObjectInputStream$PeekInputStream.readFully(ObjectInputStream.java:2813)
	at java.base/java.io.ObjectInputStream$BlockDataInputStream.readShort(ObjectInputStream.java:3310)
	at java.base/java.io.ObjectInputStream.readStreamHeader(ObjectInputStream.java:912)
	at java.base/java.io.ObjectInputStream.<init>(ObjectInputStream.java:386)
	at com.superstore.FileHandler.loadObject(FileHandler.java:32)
	at com.superstore.FileHandler.loadMap(FileHandler.java:64)
	at com.superstore.Server.loadData(Server.java:34)
	at com.superstore.Server.<init>(Server.java:28)
	at com.superstore.Main.lambda$main$0(Main.java:20)
	at java.desktop/java.awt.event.InvocationEvent.dispatch(InvocationEvent.java:318)
	at java.desktop/java.awt.EventQueue.dispatchEventImpl(EventQueue.java:723)
	at java.desktop/java.awt.EventQueue.dispatchEvent(EventQueue.java:702)
	at java.desktop/java.awt.EventDispatchThread.pumpOneEventForFilters(EventDispatchThread.java:203)
	at java.desktop/java.awt.EventDispatchThread.pumpEventsForFilter(EventDispatchThread.java:124)
	at java.desktop/java.awt.EventDispatchThread.pumpEventsForHierarchy(EventDispatchThread.java:113)
	at java.desktop/java.awt.EventDispatchThread.pumpEvents(EventDispatchThread.java:109)
	at java.desktop/java.awt.EventDispatchThread.pumpEvents(EventDispatchThread.java:101)
	at java.desktop/java.awt.EventDispatchThread.run(EventDispatchThread.java:90)

Nov 19, 2025 10:36:36 PM com.superstore.Logger logException
SEVERE: Exception occurred
java.io.EOFException
	at java.base/java.io.ObjectInputStream$PeekInputStream.readFully(ObjectInputStream.java:2813)
	at java.base/java.io.ObjectInputStream$BlockDataInputStream.readShort(ObjectInputStream.java:3310)
	at java.base/java.io.ObjectInputStream.readStreamHeader(ObjectInputStream.java:912)
	at java.base/java.io.ObjectInputStream.<init>(ObjectInputStream.java:386)
	at com.superstore.FileHandler.loadObject(FileHandler.java:32)
	at com.superstore.FileHandler.loadMap(FileHandler.java:64)
	at com.superstore.Server.loadData(Server.java:34)
	at com.superstore.Server.<init>(Server.java:28)
	at com.superstore.Main.lambda$main$0(Main.java:20)
	at java.desktop/java.awt.event.InvocationEvent.dispatch(InvocationEvent.java:318)
	at java.desktop/java.awt.EventQueue.dispatchEventImpl(EventQueue.java:723)
	at java.desktop/java.awt.EventQueue.dispatchEvent(EventQueue.java:702)
	at java.desktop/java.awt.EventDispatchThread.pumpOneEventForFilters(EventDispatchThread.java:203)
	at java.desktop/java.awt.EventDispatchThread.pumpEventsForFilter(EventDispatchThread.java:124)
	at java.desktop/java.awt.EventDispatchThread.pumpEventsForHierarchy(EventDispatchThread.java:113)
	at java.desktop/java.awt.EventDispatchThread.pumpEvents(EventDispatchThread.java:109)
	at java.desktop/java.awt.EventDispatchThread.pumpEvents(EventDispatchThread.java:101)
	at java.desktop/java.awt.EventDispatchThread.run(EventDispatchThread.java:90)

Nov 19, 2025 11:02:39 PM com.superstore.Logger logException
SEVERE: Exception occurred
java.io.EOFException
	at java.base/java.io.ObjectInputStream$PeekInputStream.readFully(ObjectInputStream.java:2813)
	at java.base/java.io.ObjectInputStream$BlockDataInputStream.readShort(ObjectInputStream.java:3310)
	at java.base/java.io.ObjectInputStream.readStreamHeader(ObjectInputStream.java:912)
	at java.base/java.io.ObjectInputStream.<init>(ObjectInputStream.java:386)
	at com.superstore.FileHandler.loadObject(FileHandler.java:32)
	at com.superstore.FileHandler.loadMap(FileHandler.java:64)
	at com.superstore.Server.loadData(Server.java:34)
	at com.superstore.Server.<init>(Server.java:28)
	at com.superstore.Main.lambda$main$0(Main.java:20)
	at java.desktop/java.awt.event.InvocationEvent.dispatch(InvocationEvent.java:318)
	at java.desktop/java.awt.EventQueue.dispatchEventImpl(EventQueue.java:723)
	at java.desktop/java.awt.EventQueue.dispatchEvent(EventQueue.java:702)
	at java.desktop/java.awt.EventDispatchThread.pumpOneEventForFilters(EventDispatchThread.java:203)
	at java.desktop/java.awt.EventDispatchThread.pumpEventsForFilter(EventDispatchThread.java:124)
	at java.desktop/java.awt.EventDispatchThread.pumpEventsForHierarchy(EventDispatchThread.java:113)
	at java.desktop/java.awt.EventDispatchThread.pumpEvents(EventDispatchThread.java:109)
	at java.desktop/java.awt.EventDispatchThread.pumpEvents(EventDispatchThread.java:101)
	at java.desktop/java.awt.EventDispatchThread.run(EventDispatchThread.java:90)

Nov 19, 2025 11:06:06 PM com.superstore.Logger logException
SEVERE: Exception occurred
java.io.EOFException
	at java.base/java.io.ObjectInputStream$PeekInputStream.readFully(ObjectInputStream.java:2813)
	at java.base/java.io.ObjectInputStream$BlockDataInputStream.readShort(ObjectInputStream.java:3310)
	at java.base/java.io.ObjectInputStream.readStreamHeader(ObjectInputStream.java:912)
	at java.base/java.io.ObjectInputStream.<init>(ObjectInputStream.java:386)
	at com.superstore.FileHandler.loadObject(FileHandler.java:32)
	at com.superstore.FileHandler.loadMap(FileHandler.java:64)
	at com.superstore.Server.loadData(Server.java:34)
	at com.superstore.Server.<init>(Server.java:28)
	at com.superstore.Main.lambda$main$0(Main.java:20)
	at java.desktop/java.awt.event.InvocationEvent.dispatch(InvocationEvent.java:318)
	at java.desktop/java.awt.EventQueue.dispatchEventImpl(EventQueue.java:723)
	at java.desktop/java.awt.EventQueue.dispatchEvent(EventQueue.java:702)
	at java.desktop/java.awt.EventDispatchThread.pumpOneEventForFilters(EventDispatchThread.java:203)
	at java.desktop/java.awt.EventDispatchThread.pumpEventsForFilter(EventDispatchThread.java:124)
	at java.desktop/java.awt.EventDispatchThread.pumpEventsForHierarchy(EventDispatchThread.java:113)
	at java.desktop/java.awt.EventDispatchThread.pumpEvents(EventDispatchThread.java:109)
	at java.desktop/java.awt.EventDispatchThread.pumpEvents(EventDispatchThread.java:101)
	at java.desktop/java.awt.EventDispatchThread.run(EventDispatchThread.java:90)

